// Jest Snapshot v1, https://goo.gl/fbAQLP

exports[`<NavbarItems /> renders correctly 1`] = `
<div
  className="nav-menu"
>
  <ul
    className="content is-invisible"
  >
    <Memo(NavbarItem)
      activateNavigationItem={[MockFunction]}
      activatedIndex={0}
      index={0}
      itemId="header"
      key="Home"
      name="Home"
      url="#home"
    />
    <Memo(NavbarItem)
      activateNavigationItem={[MockFunction]}
      activatedIndex={0}
      index={1}
      itemId="about-me"
      key="About"
      name="About"
      url="#about"
    />
    <Memo(NavbarItem)
      activateNavigationItem={[MockFunction]}
      activatedIndex={0}
      index={2}
      itemId="work-experiences"
      key="Experiences"
      name="Experiences"
      url="#experiences"
    />
    <Memo(NavbarItem)
      activateNavigationItem={[MockFunction]}
      activatedIndex={0}
      index={3}
      itemId="relevant-projects"
      key="Projects"
      name="Projects"
      url="#projects"
    />
    <Memo(NavbarItem)
      activateNavigationItem={[MockFunction]}
      activatedIndex={0}
      index={4}
      itemId="my-educations"
      key="Educations"
      name="Educations"
      url="#educations"
    />
    <Memo(NavbarItem)
      activateNavigationItem={[MockFunction]}
      activatedIndex={0}
      index={5}
      itemId="my-achievements"
      key="Achievements"
      name="Achievements"
      url="#achievements"
    />
    <Memo(NavbarItem)
      activateNavigationItem={[MockFunction]}
      activatedIndex={0}
      index={6}
      itemId="footer"
      key="Contact"
      name="Contact"
      url="#contact"
    />
  </ul>
</div>
`;
