// Jest Snapshot v1, https://goo.gl/fbAQLP

exports[`<ProgressBarItem /> renders correctly 1`] = `
<li
  className="progress-bar-item"
>
  <div
    className="header"
  >
    <div
      className="name"
    >
      JavaScript, HTML, CSS
    </div>
    <div
      className="value"
      data-aos="fade-in"
      data-aos-id="skill-1"
      data-aos-offset="40"
      data-aos-once="true"
    >
      0
    </div>
  </div>
  <div
    className="bar"
  >
    <div
      className="percentage"
      data-aos="slide-right"
      data-aos-duration="2000"
      data-aos-offset="0"
      data-aos-once="true"
      style={
        Object {
          "width": "80%",
        }
      }
    />
  </div>
</li>
`;
