// Jest Snapshot v1, https://goo.gl/fbAQLP

exports[`<NavbarItems /> renders correctly 1`] = `
<div
  className="nav-items"
/>
`;
