// Jest Snapshot v1, https://goo.gl/fbAQLP

exports[`<Brand /> renders correctly 1`] = `
<div
  className="brand"
>
  <img
    alt=""
    src="test-file-stub"
  />
</div>
`;
