// Jest Snapshot v1, https://goo.gl/fbAQLP

exports[`<Educations /> renders correctly 1`] = `
<div
  className="background"
  id="work-experiences"
>
  <div
    className="container"
    data-aos="fade-right"
    data-aos-duration="2000"
  >
    <div
      className="title"
    >
      Experiences
    </div>
    <div
      className="content"
    >
      <Memo(TimeLine)
        iconClassName="lni-briefcase"
        items={
          Array [
            Object {
              "endDate": "May 2020",
              "key": 1,
              "organization": "Ubitec",
              "role": "JAVASCRIPT DEVELOPER",
              "startDate": "September 2019",
            },
            Object {
              "endDate": "August 2019",
              "key": 2,
              "organization": "KMS Technology Inc., Vietnam",
              "role": "SOFTWARE ENGINEER",
              "startDate": "November 2017",
            },
            Object {
              "description": "I had joined KMS as a fresher before graduating. I had been trained to become an official employee for 2 months. Then, I joined one of the biggest project team in the company.",
              "endDate": "November 2017",
              "key": 3,
              "organization": "KMS Technology Inc., Vietnam",
              "role": "FRESHER",
              "startDate": "September 2017",
            },
          ]
        }
      />
    </div>
  </div>
</div>
`;
