// Jest Snapshot v1, https://goo.gl/fbAQLP

exports[`<NavbarBrand /> renders correctly 1`] = `
<img
  alt=""
  className="nav-brand"
  src="test-file-stub"
/>
`;
