// Jest Snapshot v1, https://goo.gl/fbAQLP

exports[`<Spinner /> renders correctly 1`] = `
<div
  className="spinner"
>
  <div
    className="background"
  >
    <div
      className="animated-part"
    />
  </div>
</div>
`;
