// Jest Snapshot v1, https://goo.gl/fbAQLP

exports[`<Button /> renders correctly 1`] = `
<div
  className="btn"
  onClick={[MockFunction]}
>
  DOWNLOAD MY CV
</div>
`;
