// Jest Snapshot v1, https://goo.gl/fbAQLP

exports[`<RelevantProjects /> renders correctly 1`] = `
<ul
  className="relevant-projects"
>
  <Memo(RelevantProjectItem)
    description="A chat tool that helps customers can contact with bankers and versa vice"
    endDate="May 2020"
    isCurrentProject={false}
    key="Textme"
    name="Textme"
    role="Developer"
    startDate="September 2019"
  />
  <Memo(RelevantProjectItem)
    description="A ticket-selling website for US high school events"
    endDate="June 2019"
    isCurrentProject={false}
    key="Huddle"
    name="Huddle"
    role="Developer"
    startDate="January 2019"
  />
  <Memo(RelevantProjectItem)
    description="A micro-services project management application
which helps managers to keep track of resource allocation"
    endDate="January 2019"
    isCurrentProject={false}
    key="ERTPMTool"
    name="ERTPMTool"
    role="Developer"
    startDate="July 2018"
  />
  <Memo(RelevantProjectItem)
    description="Provider Search is a user interface that allows
users to search for practitioners in the MasterFile. Built on the Single"
    endDate="June 2018"
    isCurrentProject={false}
    key="PDV"
    name="PDV"
    role="Developer"
    startDate="February 2018"
  />
  <Memo(RelevantProjectItem)
    description="An internal tool which supports managers to keep track of resource allocation"
    endDate="February 2018"
    isCurrentProject={false}
    key="DMTool"
    name="DMTool"
    role="Developer"
    startDate="September 2017"
  />
</ul>
`;
