// Jest Snapshot v1, https://goo.gl/fbAQLP

exports['<NavbarItem /> renders correctly 1'] = `
<li
  className="nav-item"
>
  <a
    className="content"
    href="#"
    onClick={[Function]}
  >
    Home
  </a>
</li>
`;
