// Jest Snapshot v1, https://goo.gl/fbAQLP

exports[`<Navbar /> renders correctly 1`] = `
<div
  className="nav"
>
  <div
    className="content"
  >
    <Memo(Brand) />
    <Memo(NavbarMenu)
      activateNavigationItem={[MockFunction]}
      activatedIndex={0}
      isVisible={false}
      openNavigationMenu={[MockFunction]}
    />
    <Memo(HamburgerButton)
      isVisible={false}
      openNavigationMenu={[MockFunction]}
    />
  </div>
</div>
`;
